SQL> alter table sales_order_details_aswin modify order_no varchar(6);

Table altered.

SQL> insert into sales_order_details_aswin values('o19001', 'p00001', '4', '4', '525');
insert into sales_order_details_aswin values('o19001', 'p00001', '4', '4', '525')
                                                       *
ERROR at line 1:
ORA-12899: value too large for column 
"USER1"."SALES_ORDER_DETAILS_ASWIN"."PRODUCT_NO" (actual: 6, maximum: 5) 


SQL> alter table sales_order_details_aswin modify product_no varchar(6);

Table altered.

SQL> insert into sales_order_details_aswin values('o19001', 'p00001', '4', '4', '525');

1 row created.

SQL> insert into sales_order_details_aswin values('o19002', 'p00001', '10', '0', '525');

1 row created.

SQL> insert into sales_order_details values('o46865', 'p00001', '10', '10', '525');
insert into sales_order_details values('o46865', 'p00001', '10', '10', '525')
*
ERROR at line 1:
ORA-02291: integrity constraint (USER1.SYS_C0015422) violated - parent key not 
found 


SQL> select order_no from sales_order_aswin;

ORDER_                                                                          
------                                                                          
o19001                                                                          
o19002                                                                          
o19003                                                                          
o19008                                                                          
o46865                                                                          
o46866                                                                          

6 rows selected.

SQL> insert into sales_order_details_aswin values('o46865', 'p00001', '10', '10', '525');

1 row created.

SQL> insert into sales_order_details_aswin values('o46865', 'p03453', '4', '4', '1050');

1 row created.

SQL> insert into sales_order_details_aswin values('019003', 'p03453', '2', '2', '1050');
insert into sales_order_details_aswin values('019003', 'p03453', '2', '2', '1050')
*
ERROR at line 1:
ORA-02291: integrity constraint (USER1.SYS_C0014737) violated - parent key not 
found 


SQL> insert into sales_order_details_aswin values('o19003', 'p03453', '2', '2', '1050');

1 row created.

SQL> insert into sales_order_details_aswin values('o19008', 'p00001', '10', '5', '525');

1 row created.

SQL> select * from sales_order_details_aswin;

ORDER_ PRODUC QTY_ORDERED QTY_NUMBER PRODUCT_RATE                               
------ ------ ----------- ---------- ------------                               
o19001 p00001           4          4          525                               
o19002 p00001          10          0          525                               
o46865 p00001          10         10          525                               
o46865 p03453           4          4         1050                               
o19003 p03453           2          2         1050                               
o19008 p00001          10          5          525                               

6 rows selected.

SQL> 
